// Jest Snapshot v1, https://goo.gl/fbAQLP

exports[`Dashboard screen Dashboard screen 1`] = `
<View
  style={
    Object {
      "alignItems": "center",
      "flex": 1,
      "justifyContent": "center",
    }
  }
>
  <View
    accessible={true}
    collapsable={false}
    focusable={true}
    onClick={[Function]}
    onResponderGrant={[Function]}
    onResponderMove={[Function]}
    onResponderRelease={[Function]}
    onResponderTerminate={[Function]}
    onResponderTerminationRequest={[Function]}
    onStartShouldSetResponder={[Function]}
    style={
      Object {
        "opacity": 1,
      }
    }
  >
    <Text
      allowFontScaling={false}
      style={
        Array [
          Object {
            "color": undefined,
            "fontSize": 36,
          },
          Object {
            "color": "#4A4A4A",
          },
          Object {
            "fontFamily": "FontAwesome",
            "fontStyle": "normal",
            "fontWeight": "normal",
          },
          Object {},
        ]
      }
    >
      ÔÄç
    </Text>
  </View>
  <Text
    style={
      Object {
        "fontSize": 25,
      }
    }
  >
    Welcome To Dashboard!!!
  </Text>
  <Text
    style={
      Object {
        "fontSize": 25,
      }
    }
  >
    Login as: 
  </Text>
</View>
`;
